// Jest Snapshot v1, https://goo.gl/fbAQLP

exports[`My Card Components 1`] = `<C />`;
